Collecting fastapi==0.115.0 (from -r requirements.txt (line 1))
  Obtaining dependency information for fastapi==0.115.0 from https://files.pythonhosted.org/packages/06/ab/a1f7eed031aeb1c406a6e9d45ca04bff401c8a25a30dd0e4fd2caae767c3/fastapi-0.115.0-py3-none-any.whl.metadata
  Using cached fastapi-0.115.0-py3-none-any.whl.metadata (27 kB)
Collecting uvicorn==0.30.6 (from -r requirements.txt (line 2))
  Obtaining dependency information for uvicorn==0.30.6 from https://files.pythonhosted.org/packages/f5/8e/cdc7d6263db313030e4c257dd5ba3909ebc4e4fb53ad62d5f09b1a2f5458/uvicorn-0.30.6-py3-none-any.whl.metadata
  Using cached uvicorn-0.30.6-py3-none-any.whl.metadata (6.6 kB)
Collecting pydantic<3,>=2.6 (from -r requirements.txt (line 3))
  Obtaining dependency information for pydantic<3,>=2.6 from https://files.pythonhosted.org/packages/eb/47/c95ffc2009878c7aac0c5e08528022dcb885933252a88b5f170058014464/pydantic-2.13.5-py3-none-any.whl.metadata
  Using cached pydantic-2.13.5-py3-none-any.whl.metadata (110 kB)
Collecting httpx==0.28.1 (from -r requirements-dev.txt (line 2))
  Obtaining dependency information for httpx==0.28.1 from https://files.pythonhosted.org/packages/2a/39/e50c7c3a983047577ee07d2a9e53faf5a69493943ec3f6a384bdc792deb2/httpx-0.28.1-py3-none-any.whl.metadata
  Using cached httpx-0.28.1-py3-none-any.whl.metadata (7.1 kB)
Collecting starlette<0.39.0,>=0.37.2 (from fastapi==0.115.0->-r requirements.txt (line 1))
  Obtaining dependency information for starlette<0.39.0,>=0.37.2 from https://files.pythonhosted.org/packages/b7/9c/93f7bc03ff03199074e81974cc148908ead60dcf189f68ba1761a0ee35cf/starlette-0.38.6-py3-none-any.whl.metadata
  Using cached starlette-0.38.6-py3-none-any.whl.metadata (6.0 kB)
Collecting typing-extensions>=4.8.0 (from fastapi==0.115.0->-r requirements.txt (line 1))
  Obtaining dependency information for typing-extensions>=4.8.0 from https://files.pythonhosted.org/packages/49/d3/b8441a820a491ddfc024b0b0cf0393375b75ea13866d9c66727e54c2fc80/typing_extensions-4.16.0-py3-none-any.whl.metadata
  Using cached typing_extensions-4.16.0-py3-none-any.whl.metadata (3.3 kB)
Collecting click>=7.0 (from uvicorn==0.30.6->-r requirements.txt (line 2))
  Obtaining dependency information for click>=7.0 from https://files.pythonhosted.org/packages/58/50/6c0d534c5f134586a8e1ba4e330569e32f057e33372ae556463212fb4cd3/click-8.5.0-py3-none-any.whl.metadata
  Using cached click-8.5.0-py3-none-any.whl.metadata (2.6 kB)
Collecting h11>=0.8 (from uvicorn==0.30.6->-r requirements.txt (line 2))
  Obtaining dependency information for h11>=0.8 from https://files.pythonhosted.org/packages/04/4b/29cac41a4d98d144bf5f6d33995617b185d14b22401f75ca86f384e87ff1/h11-0.16.0-py3-none-any.whl.metadata
  Using cached h11-0.16.0-py3-none-any.whl.metadata (8.3 kB)
Collecting anyio (from httpx==0.28.1->-r requirements-dev.txt (line 2))
  Obtaining dependency information for anyio from https://files.pythonhosted.org/packages/12/b8/4bd346e22b28902df4d651910f5242c28d84e4a5c2435ca5c3f797ed7e2e/anyio-4.15.1-py3-none-any.whl.metadata
  Using cached anyio-4.15.1-py3-none-any.whl.metadata (4.7 kB)
Collecting certifi (from httpx==0.28.1->-r requirements-dev.txt (line 2))
  Obtaining dependency information for certifi from https://files.pythonhosted.org/packages/0b/a7/71ac2cff56fec219ed242bb11b8efb69fcc4bec75db06fb7bfe35de520e6/certifi-2026.7.22-py3-none-any.whl.metadata
  Using cached certifi-2026.7.22-py3-none-any.whl.metadata (2.5 kB)
Collecting httpcore==1.* (from httpx==0.28.1->-r requirements-dev.txt (line 2))
  Obtaining dependency information for httpcore==1.* from https://files.pythonhosted.org/packages/7e/f5/f66802a942d491edb555dd61e3a9961140fd64c90bce1eafd741609d334d/httpcore-1.0.9-py3-none-any.whl.metadata
  Using cached httpcore-1.0.9-py3-none-any.whl.metadata (21 kB)
Collecting idna (from httpx==0.28.1->-r requirements-dev.txt (line 2))
  Obtaining dependency information for idna from https://files.pythonhosted.org/packages/58/a2/bb081bab032533a855d44de1d56f8e8426114ff1ba5d1f07a438a0a654f8/idna-3.20-py3-none-any.whl.metadata
  Using cached idna-3.20-py3-none-any.whl.metadata (7.2 kB)
Collecting annotated-types>=0.6.0 (from pydantic<3,>=2.6->-r requirements.txt (line 3))
  Obtaining dependency information for annotated-types>=0.6.0 from https://files.pythonhosted.org/packages/99/91/8acff4f5e50511b911bbccb72b8628a49c68ce14148cd9f6431094859a90/annotated_types-0.8.0-py3-none-any.whl.metadata
  Using cached annotated_types-0.8.0-py3-none-any.whl.metadata (15 kB)
Collecting pydantic-core==2.46.5 (from pydantic<3,>=2.6->-r requirements.txt (line 3))
  Obtaining dependency information for pydantic-core==2.46.5 from https://files.pythonhosted.org/packages/cf/c9/4c19f41b84cf6b622a72fbeed7665b25d47a187d68d47d0d430c07f23268/pydantic_core-2.46.5-cp312-cp312-win_amd64.whl.metadata
  Using cached pydantic_core-2.46.5-cp312-cp312-win_amd64.whl.metadata (6.7 kB)
Collecting typing-inspection>=0.4.2 (from pydantic<3,>=2.6->-r requirements.txt (line 3))
  Obtaining dependency information for typing-inspection>=0.4.2 from https://files.pythonhosted.org/packages/67/81/4add07e5172b7ac40d8ed5ff580409a7801a4fe26d529bdd915401dabfbe/typing_inspection-0.4.4-py3-none-any.whl.metadata
  Using cached typing_inspection-0.4.4-py3-none-any.whl.metadata (2.6 kB)
Using cached fastapi-0.115.0-py3-none-any.whl (94 kB)
Using cached uvicorn-0.30.6-py3-none-any.whl (62 kB)
Using cached httpx-0.28.1-py3-none-any.whl (73 kB)
Using cached httpcore-1.0.9-py3-none-any.whl (78 kB)
Using cached pydantic-2.13.5-py3-none-any.whl (472 kB)
Using cached pydantic_core-2.46.5-cp312-cp312-win_amd64.whl (2.0 MB)
Using cached annotated_types-0.8.0-py3-none-any.whl (13 kB)
Using cached click-8.5.0-py3-none-any.whl (125 kB)
Using cached h11-0.16.0-py3-none-any.whl (37 kB)
Using cached starlette-0.38.6-py3-none-any.whl (71 kB)
Using cached anyio-4.15.1-py3-none-any.whl (132 kB)
Using cached idna-3.20-py3-none-any.whl (69 kB)
Using cached typing_extensions-4.16.0-py3-none-any.whl (45 kB)
Using cached typing_inspection-0.4.4-py3-none-any.whl (14 kB)
Using cached certifi-2026.7.22-py3-none-any.whl (136 kB)
Installing collected packages: typing-extensions, idna, h11, click, certifi, annotated-types, uvicorn, typing-inspection, pydantic-core, httpcore, anyio, starlette, pydantic, httpx, fastapi
Successfully installed annotated-types-0.8.0 anyio-4.15.1 certifi-2026.7.22 click-8.5.0 fastapi-0.115.0 h11-0.16.0 httpcore-1.0.9 httpx-0.28.1 idna-3.20 pydantic-2.13.5 pydantic-core-2.46.5 starlette-0.38.6 typing-extensions-4.16.0 typing-inspection-0.4.4 uvicorn-0.30.6
