test_availability_covers_each_catalog_variant_with_independent_validation (test_catalog.CatalogMigrationTests.test_availability_covers_each_catalog_variant_with_independent_validation) ... ok
test_changed_scopes_have_explicit_migration_and_legacy_refs_are_retired (test_catalog.CatalogMigrationTests.test_changed_scopes_have_explicit_migration_and_legacy_refs_are_retired) ... ok
test_curator_is_one_source_service_with_two_distinct_actions (test_catalog.CatalogMigrationTests.test_curator_is_one_source_service_with_two_distinct_actions) ... ok
test_every_action_has_consistent_technical_data_and_busy_changes_only_slots (test_catalog.CatalogMigrationTests.test_every_action_has_consistent_technical_data_and_busy_changes_only_slots) ... ok
test_every_source_row_and_package_metadata_are_preserved (test_catalog.CatalogMigrationTests.test_every_source_row_and_package_metadata_are_preserved) ... ok
test_group_conditional_and_pregnancy_properties_are_explicit (test_catalog.CatalogMigrationTests.test_group_conditional_and_pregnancy_properties_are_explicit) ... ok
test_child_extended_mixed_age_groups_need_review_without_splitting (test_choice_catalog.ChoiceCatalogTests.test_child_extended_mixed_age_groups_need_review_without_splitting) ... ok
test_dangling_and_action_package_references_are_data_errors (test_choice_catalog.ChoiceCatalogTests.test_dangling_and_action_package_references_are_data_errors) ... ok
test_gender_variant_is_review_not_a_claimed_diagnosis (test_choice_catalog.ChoiceCatalogTests.test_gender_variant_is_review_not_a_claimed_diagnosis) ... ok
test_presets_are_exact_alternatives_with_boundaries (test_choice_catalog.ChoiceCatalogTests.test_presets_are_exact_alternatives_with_boundaries) ... ok
test_screening_is_separate_explicit_and_has_no_guaranteed_payment (test_choice_catalog.ChoiceCatalogTests.test_screening_is_separate_explicit_and_has_no_guaranteed_payment) ... ok
test_service_age_is_not_derived_from_40_plus_package_boundary (test_choice_catalog.ChoiceCatalogTests.test_service_age_is_not_derived_from_40_plus_package_boundary) ... ok
test_union_preserves_gender_and_child_extended_without_actions (test_choice_catalog.ChoiceCatalogTests.test_union_preserves_gender_and_child_extended_without_actions) ... ok
test_actual_chronology_replaces_id_tiebreak_and_is_independently_valid (test_choice_route.ChoiceRouteTests.test_actual_chronology_replaces_id_tiebreak_and_is_independently_valid) ... ok
test_after_results_dependencies_are_checked_even_without_same_day_slots (test_choice_route.ChoiceRouteTests.test_after_results_dependencies_are_checked_even_without_same_day_slots) ... ok
test_bad_data_is_not_reported_as_busy (test_choice_route.ChoiceRouteTests.test_bad_data_is_not_reported_as_busy) ... ok
test_clinical_review_displays_draft_without_search (test_choice_route.ChoiceRouteTests.test_clinical_review_displays_draft_without_search) ... ok
test_curator_service_expands_to_two_stable_actions_with_common_service_id (test_choice_route.ChoiceRouteTests.test_curator_service_expands_to_two_stable_actions_with_common_service_id) ... ok
test_infeasible_preserves_every_selected_action_in_draft (test_choice_route.ChoiceRouteTests.test_infeasible_preserves_every_selected_action_in_draft) ... ok
test_missing_known_explicit_prerequisite_preserves_review_without_addition (test_choice_route.ChoiceRouteTests.test_missing_known_explicit_prerequisite_preserves_review_without_addition) ... ok
test_missing_order_data_never_claims_complete_order (test_choice_route.ChoiceRouteTests.test_missing_order_data_never_claims_complete_order) ... ok
test_missing_time_data_keeps_complete_order_without_hours (test_choice_route.ChoiceRouteTests.test_missing_time_data_keeps_complete_order_without_hours) ... ok
test_removed_category_is_not_an_implicit_mandatory_prerequisite (test_choice_route.ChoiceRouteTests.test_removed_category_is_not_an_implicit_mandatory_prerequisite) ... ok
test_action_conflicts_and_broken_clinical_metadata_are_data_errors (test_clinic_integration.ClinicIntegrationTests.test_action_conflicts_and_broken_clinical_metadata_are_data_errors) ... ok
test_age_full_selects_basic_while_screening_uses_age_year (test_clinic_integration.ClinicIntegrationTests.test_age_full_selects_basic_while_screening_uses_age_year) ... ok
test_all_nine_unchanged_imported_inputs_reach_shared_engine_through_http (test_clinic_integration.ClinicIntegrationTests.test_all_nine_unchanged_imported_inputs_reach_shared_engine_through_http) ... ok
test_applicable_missing_pregnancy_requests_clarification_after_preliminary_package (test_clinic_integration.ClinicIntegrationTests.test_applicable_missing_pregnancy_requests_clarification_after_preliminary_package) ... ok
test_conditional_extended_female_item_is_preserved_without_route (test_clinic_integration.ClinicIntegrationTests.test_conditional_extended_female_item_is_preserved_without_route) ... ok
test_engine_and_json_share_normalized_business_result (test_clinic_integration.ClinicIntegrationTests.test_engine_and_json_share_normalized_business_result) ... ok
test_extras_are_discussion_only_and_consultations_are_not_duplicated (test_clinic_integration.ClinicIntegrationTests.test_extras_are_discussion_only_and_consultations_are_not_duplicated) ... ok
test_json_preserves_free_text_and_reports_field_errors (test_clinic_integration.ClinicIntegrationTests.test_json_preserves_free_text_and_reports_field_errors) ... ok
test_known_urgent_stops_before_optional_or_missing_answers (test_clinic_integration.ClinicIntegrationTests.test_known_urgent_stops_before_optional_or_missing_answers) ... ok
test_new_answers_never_generate_results_or_mutate_fixed_cards (test_clinic_integration.ClinicIntegrationTests.test_new_answers_never_generate_results_or_mutate_fixed_cards) ... ok
test_new_questionnaire_does_not_apply_legacy_fatigue (test_clinic_integration.ClinicIntegrationTests.test_new_questionnaire_does_not_apply_legacy_fatigue) ... ok
test_nine_imported_recommendations_match_the_shared_engine (test_clinic_integration.ClinicIntegrationTests.test_nine_imported_recommendations_match_the_shared_engine) ... ok
test_pregnancy_flags_are_explicit_ids_and_independent_of_screening_links (test_clinic_integration.ClinicIntegrationTests.test_pregnancy_flags_are_explicit_ids_and_independent_of_screening_links) ... ok
test_pregnant_mammography_json_keeps_both_independent_annotations (test_clinic_integration.ClinicIntegrationTests.test_pregnant_mammography_json_keeps_both_independent_annotations) ... ok
test_ready_male_plan_has_every_action_and_independently_validated_schedule (test_clinic_integration.ClinicIntegrationTests.test_ready_male_plan_has_every_action_and_independently_validated_schedule) ... ok
test_unknown_and_missing_urgent_are_not_negative_answers (test_clinic_integration.ClinicIntegrationTests.test_unknown_and_missing_urgent_are_not_negative_answers) ... ok
test_unknown_answer_code_is_rejected_by_json (test_clinic_integration.ClinicIntegrationTests.test_unknown_answer_code_is_rejected_by_json) ... ok
test_unknown_screening_does_not_block_or_change_prime_composition (test_clinic_integration.ClinicIntegrationTests.test_unknown_screening_does_not_block_or_change_prime_composition) ... ok
test_zero_age_and_adult_child_flag_cannot_bypass_package_bounds (test_clinic_integration.ClinicIntegrationTests.test_zero_age_and_adult_child_flag_cannot_bypass_package_bounds) ... ok
test_default_and_switching_do_not_mutate_shared_fixture (test_completed.CompletedTests.test_default_and_switching_do_not_mutate_shared_fixture) ... ok
test_history_and_result_states_never_change_the_new_plan (test_completed.CompletedTests.test_history_and_result_states_never_change_the_new_plan) ... ok
test_history_preserves_only_known_year_and_unknown_outcomes (test_completed.CompletedTests.test_history_preserves_only_known_year_and_unknown_outcomes) ... ok
test_three_states_have_only_their_fixed_events_and_reminders (test_completed.CompletedTests.test_three_states_have_only_their_fixed_events_and_reminders) ... ok
test_unknown_case_is_rejected_before_loading_a_file (test_completed.CompletedTests.test_unknown_case_is_rejected_before_loading_a_file) ... ok
test_adult_age_boundary_is_a_local_screening_question (test_current_intake.CurrentIntakeTests.test_adult_age_boundary_is_a_local_screening_question) ... ok
test_child_preparation_facts_survive_but_adult_questions_do_not (test_current_intake.CurrentIntakeTests.test_child_preparation_facts_survive_but_adult_questions_do_not) ... ok
test_current_last_period_cannot_precede_birth_date (test_current_intake.CurrentIntakeTests.test_current_last_period_cannot_precede_birth_date) ... ok
test_current_missing_unknown_and_never_history_have_explicit_meaning (test_current_intake.CurrentIntakeTests.test_current_missing_unknown_and_never_history_have_explicit_meaning) ... ok
test_current_nested_smoking_keeps_missing_and_zero_distinct (test_current_intake.CurrentIntakeTests.test_current_nested_smoking_keeps_missing_and_zero_distinct) ... ok
test_current_validation_and_known_source_through_public_api (test_current_intake.CurrentIntakeTests.test_current_validation_and_known_source_through_public_api) ... ok
test_hazardous_false_string_no_and_unknown_are_not_truthy (test_current_intake.CurrentIntakeTests.test_hazardous_false_string_no_and_unknown_are_not_truthy) ... ok
test_independent_registration_requires_explicit_answer (test_current_intake.CurrentIntakeTests.test_independent_registration_requires_explicit_answer) ... ok
test_known_year_unknown_and_imported_range_do_not_become_never (test_current_intake.CurrentIntakeTests.test_known_year_unknown_and_imported_range_do_not_become_never) ... ok
test_legacy_broad_registration_and_separate_negative_codes (test_current_intake.CurrentIntakeTests.test_legacy_broad_registration_and_separate_negative_codes) ... ok
test_never_history_preserves_all_seven_programs_without_dates (test_current_intake.CurrentIntakeTests.test_never_history_preserves_all_seven_programs_without_dates) ... ok
test_other_context_is_preserved_without_a_listed_condition (test_current_intake.CurrentIntakeTests.test_other_context_is_preserved_without_a_listed_condition) ... ok
test_raw_current_and_derived_legacy_smoking_are_different (test_current_intake.CurrentIntakeTests.test_raw_current_and_derived_legacy_smoking_are_different) ... ok
test_six_unsure_answers_and_risk_context_are_preserved (test_current_intake.CurrentIntakeTests.test_six_unsure_answers_and_risk_context_are_preserved) ... ok
test_age_boundaries_use_full_age_from_demo_catalog (test_engine.EngineTests.test_age_boundaries_use_full_age_from_demo_catalog) ... ok
test_blocker_precedes_unrelated_unknown_answers (test_engine.EngineTests.test_blocker_precedes_unrelated_unknown_answers) ... ok
test_busy_preserves_mandatory_composition_and_hides_partial_route (test_engine.EngineTests.test_busy_preserves_mandatory_composition_and_hides_partial_route) ... ok
test_complaints_require_consistent_explicit_state (test_engine.EngineTests.test_complaints_require_consistent_explicit_state) ... ok
test_conflicting_mandatory_actions_are_never_silently_removed (test_engine.EngineTests.test_conflicting_mandatory_actions_are_never_silently_removed) ... ok
test_cycle_unknown_predecessor_and_bad_interval_are_not_infeasible (test_engine.EngineTests.test_cycle_unknown_predecessor_and_bad_interval_are_not_infeasible) ... ok
test_family_history_is_note_and_never_adds_colonoscopy (test_engine.EngineTests.test_family_history_is_note_and_never_adds_colonoscopy) ... ok
test_fatigue_only_highlights_existing_catalog_items (test_engine.EngineTests.test_fatigue_only_highlights_existing_catalog_items) ... ok
test_format_errors_precede_blocker (test_engine.EngineTests.test_format_errors_precede_blocker) ... ok
test_health_card_and_reminder_do_not_invent_results_or_due_date (test_engine.EngineTests.test_health_card_and_reminder_do_not_invent_results_or_due_date) ... ok
test_invalid_input_never_coerces_age_or_codes (test_engine.EngineTests.test_invalid_input_never_coerces_age_or_codes) ... ok
test_missing_highlight_targets_remain_only_in_trace (test_engine.EngineTests.test_missing_highlight_targets_remain_only_in_trace) ... ok
test_missing_or_ambiguous_package_requires_review (test_engine.EngineTests.test_missing_or_ambiguous_package_requires_review) ... ok
test_missing_schedule_fields_do_not_invent_values (test_engine.EngineTests.test_missing_schedule_fields_do_not_invent_values) ... ok
test_normal_profiles_have_full_independently_validated_routes (test_engine.EngineTests.test_normal_profiles_have_full_independently_validated_routes) ... ok
test_packages_and_sex_supplements_have_exact_composition (test_engine.EngineTests.test_packages_and_sex_supplements_have_exact_composition) ... ok
test_regression_malformed_metadata_and_rule_ids (test_engine.EngineTests.test_regression_malformed_metadata_and_rule_ids) ... ok
test_regression_shared_base_and_supplement_id_keeps_both_reasons (test_engine.EngineTests.test_regression_shared_base_and_supplement_id_keeps_both_reasons) ... ok
test_repeated_and_new_inputs_are_calculated_without_mutation (test_engine.EngineTests.test_repeated_and_new_inputs_are_calculated_without_mutation) ... ok
test_synthetic_add_deduplicates_by_id_and_keeps_both_reasons (test_engine.EngineTests.test_synthetic_add_deduplicates_by_id_and_keeps_both_reasons) ... ok
test_trace_sources_and_collections_preserve_demo_contract (test_engine.EngineTests.test_trace_sources_and_collections_preserve_demo_contract) ... ok
test_unknown_answers_are_questions_not_negative_answers (test_engine.EngineTests.test_unknown_answers_are_questions_not_negative_answers) ... ok
test_unknown_catalog_and_rule_references_are_data_errors (test_engine.EngineTests.test_unknown_catalog_and_rule_references_are_data_errors) ... ok
test_completed_provider_is_a_fixed_synthetic_fixture (test_http.HTTPTests.test_completed_provider_is_a_fixed_synthetic_fixture) ... ok
test_field_errors_match_engine_without_mutating_input (test_http.HTTPTests.test_field_errors_match_engine_without_mutating_input) ... ok
test_fresh_calculation_even_in_old_offline_mode (test_http.HTTPTests.test_fresh_calculation_even_in_old_offline_mode) ... ok
test_malformed_json_and_non_object_share_error_contract (test_http.HTTPTests.test_malformed_json_and_non_object_share_error_contract) ... ok
test_normal_rejection_and_json_engine_parity (test_http.HTTPTests.test_normal_rejection_and_json_engine_parity) ... ok
test_profiles_health_and_native_scheduler_whitelist (test_http.HTTPTests.test_profiles_health_and_native_scheduler_whitelist) ... ok
test_all_nine_original_exports_and_no_mutation (test_intake.IntakeTests.test_all_nine_original_exports_and_no_mutation) ... ok
test_applicability_parent_changes_do_not_leak_values (test_intake.IntakeTests.test_applicability_parent_changes_do_not_leak_values) ... ok
test_bad_types_dates_conflicting_formats_and_extra_fields (test_intake.IntakeTests.test_bad_types_dates_conflicting_formats_and_extra_fields) ... ok
test_contradictions_need_question_without_inventing_answer (test_intake.IntakeTests.test_contradictions_need_question_without_inventing_answer) ... ok
test_history_preserves_year_or_range_without_precise_date (test_intake.IntakeTests.test_history_preserves_year_or_range_without_precise_date) ... ok
test_legacy_keeps_original_contract_and_no_new_answers (test_intake.IntakeTests.test_legacy_keeps_original_contract_and_no_new_answers) ... ok
test_missing_negative_unknown_and_not_applicable_are_different (test_intake.IntakeTests.test_missing_negative_unknown_and_not_applicable_are_different) ... ok
test_registration_broad_codes_are_not_diagnoses (test_intake.IntakeTests.test_registration_broad_codes_are_not_diagnoses) ... ok
test_semantically_stale_values_do_not_create_global_questions (test_intake.IntakeTests.test_semantically_stale_values_do_not_create_global_questions) ... ok
test_smoking_missing_quit_is_not_zero_and_derived_values_not_trusted (test_intake.IntakeTests.test_smoking_missing_quit_is_not_zero_and_derived_values_not_trusted) ... ok
test_smoking_uncertainty_does_not_block_prime (test_intake.IntakeTests.test_smoking_uncertainty_does_not_block_prime) ... ok
test_two_ages_context_and_birth_year_only (test_intake.IntakeTests.test_two_ages_context_and_birth_year_only) ... ok
test_urgent_is_parseable_without_optional_answers (test_intake.IntakeTests.test_urgent_is_parseable_without_optional_answers) ... ok
test_each_known_preparation_fact_is_separate (test_preparation_review.PreparationReviewTests.test_each_known_preparation_fact_is_separate) ... ok
test_removal_clears_only_selected_service_preparation_review (test_preparation_review.PreparationReviewTests.test_removal_clears_only_selected_service_preparation_review) ... ok
test_reported_preparation_issues_stop_slots_and_preserve_group (test_preparation_review.PreparationReviewTests.test_reported_preparation_issues_stop_slots_and_preserve_group) ... ok
test_prefixed_mount_matches_standalone_without_changing_host_routes (test_router_mount.RouterMountTests.test_prefixed_mount_matches_standalone_without_changing_host_routes) ... ok
test_actual_backtracking_recovers_after_first_choice_fails (test_scheduler.SchedulerTests.test_actual_backtracking_recovers_after_first_choice_fails) ... ok
test_bad_data_is_detected_before_search (test_scheduler.SchedulerTests.test_bad_data_is_detected_before_search) ... ok
test_five_fixture_outcomes_and_complete_routes (test_scheduler.SchedulerTests.test_five_fixture_outcomes_and_complete_routes) ... ok
test_fixtures_are_independent_and_whitelisted (test_scheduler.SchedulerTests.test_fixtures_are_independent_and_whitelisted) ... ok
test_limited_search_does_not_claim_impossibility (test_scheduler.SchedulerTests.test_limited_search_does_not_claim_impossibility) ... ok
test_resource_busy_is_checked_without_other_patient_procedures (test_scheduler.SchedulerTests.test_resource_busy_is_checked_without_other_patient_procedures) ... ok
test_short_slot_and_patient_window_do_not_change_duration (test_scheduler.SchedulerTests.test_short_slot_and_patient_window_do_not_change_duration) ... ok
test_touching_intervals_allowed_and_slot_cannot_slide (test_scheduler.SchedulerTests.test_touching_intervals_allowed_and_slot_cannot_slide) ... ok
test_validator_detects_tampered_routes (test_scheduler.SchedulerTests.test_validator_detects_tampered_routes) ... ok
test_absent_history_limits_claim_but_does_not_invent_interval_or_reminder (test_screening.ScreeningTests.test_absent_history_limits_claim_but_does_not_invent_interval_or_reminder) ... ok
test_all_seven_source_rules_are_preserved_without_medical_approval (test_screening.ScreeningTests.test_all_seven_source_rules_are_preserved_without_medical_approval) ... ok
test_broad_conditions_and_imported_codes_do_not_establish_cancer (test_screening.ScreeningTests.test_broad_conditions_and_imported_codes_do_not_establish_cancer) ... ok
test_calendar_age_is_used_and_irrelevant_registration_is_not_requested (test_screening.ScreeningTests.test_calendar_age_is_used_and_irrelevant_registration_is_not_requested) ... ok
test_contradictory_smoking_metadata_is_local_unknown_until_independent_branch_is_true (test_screening.ScreeningTests.test_contradictory_smoking_metadata_is_local_unknown_until_independent_branch_is_true) ... ok
test_history_range_and_real_year_are_not_replaced_by_invented_dates (test_screening.ScreeningTests.test_history_range_and_real_year_are_not_replaced_by_invented_dates) ... ok
test_knowledge_of_pregnancy_has_its_own_effect_for_hepatitis (test_screening.ScreeningTests.test_knowledge_of_pregnancy_has_its_own_effect_for_hepatitis) ... ok
test_links_do_not_remove_items_hide_pregnancy_or_claim_payment (test_screening.ScreeningTests.test_links_do_not_remove_items_hide_pregnancy_or_claim_payment) ... ok
test_missing_quit_duration_is_not_zero_and_other_missing_smoking_data_are_not_zero (test_screening.ScreeningTests.test_missing_quit_duration_is_not_zero_and_other_missing_smoking_data_are_not_zero) ... ok
test_missing_registration_is_unknown_not_negative (test_screening.ScreeningTests.test_missing_registration_is_unknown_not_negative) ... ok
test_smoking_or_work_has_three_valued_logic (test_screening.ScreeningTests.test_smoking_or_work_has_three_valued_logic) ... ok
test_source_operator_conflict_is_local_to_disputed_boundary (test_screening.ScreeningTests.test_source_operator_conflict_is_local_to_disputed_boundary) ... ok
test_unavailable_work_question_at_two_age_boundary_requests_rule_review (test_screening.ScreeningTests.test_unavailable_work_question_at_two_age_boundary_requests_rule_review) ... ok
test_undisclosed_group_overlap_stays_unknown (test_screening.ScreeningTests.test_undisclosed_group_overlap_stays_unknown) ... ok
test_added_restricted_item_is_kept_with_review_and_unrelated_service_is_clear (test_selection.SelectionTests.test_added_restricted_item_is_kept_with_review_and_unrelated_service_is_clear) ... ok
test_busy_day_never_changes_selection_and_next_visit_is_not_invented (test_selection.SelectionTests.test_busy_day_never_changes_selection_and_next_visit_is_not_invented) ... ok
test_catalog_has_all_package_sections_but_not_actions_or_screenings (test_selection.SelectionTests.test_catalog_has_all_package_sections_but_not_actions_or_screenings) ... ok
test_child_extended_preserves_exact_variant_and_compares_against_recommended_mini (test_selection.SelectionTests.test_child_extended_preserves_exact_variant_and_compares_against_recommended_mini) ... ok
test_custom_removal_is_final_and_warning_keeps_original_reason (test_selection.SelectionTests.test_custom_removal_is_final_and_warning_keeps_original_reason) ... ok
test_direct_plan_cannot_bypass_global_stop_or_missing_urgent (test_selection.SelectionTests.test_direct_plan_cannot_bypass_global_stop_or_missing_urgent) ... ok
test_discussion_specialist_is_not_duplicated_after_manual_selection (test_selection.SelectionTests.test_discussion_specialist_is_not_duplicated_after_manual_selection) ... ok
test_empty_custom_missing_list_unknown_ids_and_stale_catalog (test_selection.SelectionTests.test_empty_custom_missing_list_unknown_ids_and_stale_catalog) ... ok
test_forged_client_result_fields_are_rejected_not_trusted (test_selection.SelectionTests.test_forged_client_result_fields_are_rejected_not_trusted) ... ok
test_ineligible_preset_is_not_automatically_assigned (test_selection.SelectionTests.test_ineligible_preset_is_not_automatically_assigned) ... ok
test_known_prerequisite_and_category_order_have_different_outcomes (test_selection.SelectionTests.test_known_prerequisite_and_category_order_have_different_outcomes) ... ok
test_manual_other_package_group_is_not_an_age_contraindication_or_duplicate (test_selection.SelectionTests.test_manual_other_package_group_is_not_an_age_contraindication_or_duplicate) ... ok
test_preset_reconstructs_exact_source_and_rejects_conflicting_list (test_selection.SelectionTests.test_preset_reconstructs_exact_source_and_rejects_conflicting_list) ... ok
test_recommendation_does_not_search_or_construct_schedule (test_selection.SelectionTests.test_recommendation_does_not_search_or_construct_schedule) ... ok
test_removing_locally_restricted_items_clears_only_their_review (test_selection.SelectionTests.test_removing_locally_restricted_items_clears_only_their_review) ... ok
test_screenings_are_separate_and_paid_match_needs_explicit_selection (test_selection.SelectionTests.test_screenings_are_separate_and_paid_match_needs_explicit_selection) ... ok
test_client_metadata_is_not_trusted_and_free_text_stays_data (test_two_step_http.TwoStepHTTPTests.test_client_metadata_is_not_trusted_and_free_text_stays_data) ... ok
test_custom_removal_and_addition_have_json_engine_parity (test_two_step_http.TwoStepHTTPTests.test_custom_removal_and_addition_have_json_engine_parity) ... ok
test_empty_unknown_and_stale_selection_preserve_input_and_errors (test_two_step_http.TwoStepHTTPTests.test_empty_unknown_and_stale_selection_preserve_input_and_errors) ... ok
test_json_paths_are_unique_and_do_not_accept_old_html_payload (test_two_step_http.TwoStepHTTPTests.test_json_paths_are_unique_and_do_not_accept_old_html_payload) ... ok
test_preset_and_custom_json_revalidate_patient_and_reconstruct_composition (test_two_step_http.TwoStepHTTPTests.test_preset_and_custom_json_revalidate_patient_and_reconstruct_composition) ... ok
test_recommendation_does_not_search_and_preserves_json_engine_parity (test_two_step_http.TwoStepHTTPTests.test_recommendation_does_not_search_and_preserves_json_engine_parity) ... ok
test_service_review_can_be_removed_but_global_urgent_still_stops (test_two_step_http.TwoStepHTTPTests.test_service_review_can_be_removed_but_global_urgent_still_stops) ... ok
test_wrong_context_and_patient_types_are_structured_errors (test_two_step_http.TwoStepHTTPTests.test_wrong_context_and_patient_types_are_structured_errors) ... ok

----------------------------------------------------------------------
Ran 154 tests in 1.105s

OK
