S01-A PASS {"PASS": 51, "FAIL": 0, "BLOCKED": 0, "OUT_OF_SCOPE": 0, "NOT_RUN": 0}
S02-A PASS {"PASS": 53, "FAIL": 0, "BLOCKED": 0, "OUT_OF_SCOPE": 0, "NOT_RUN": 0}
S03-A PASS {"PASS": 53, "FAIL": 0, "BLOCKED": 0, "OUT_OF_SCOPE": 0, "NOT_RUN": 0}
S04-A PASS {"PASS": 48, "FAIL": 0, "BLOCKED": 0, "OUT_OF_SCOPE": 0, "NOT_RUN": 0}
S04-B PASS {"PASS": 48, "FAIL": 0, "BLOCKED": 0, "OUT_OF_SCOPE": 0, "NOT_RUN": 0}
S04-C PASS {"PASS": 36, "FAIL": 0, "BLOCKED": 0, "OUT_OF_SCOPE": 0, "NOT_RUN": 0}
S05-A PASS {"PASS": 51, "FAIL": 0, "BLOCKED": 0, "OUT_OF_SCOPE": 0, "NOT_RUN": 0}
S05-B PASS {"PASS": 51, "FAIL": 0, "BLOCKED": 0, "OUT_OF_SCOPE": 0, "NOT_RUN": 0}
S06-A PASS {"PASS": 50, "FAIL": 0, "BLOCKED": 0, "OUT_OF_SCOPE": 0, "NOT_RUN": 0}
S07-A PASS {"PASS": 37, "FAIL": 0, "BLOCKED": 0, "OUT_OF_SCOPE": 0, "NOT_RUN": 0}
S07-B PASS {"PASS": 37, "FAIL": 0, "BLOCKED": 0, "OUT_OF_SCOPE": 0, "NOT_RUN": 0}
S07-C PASS {"PASS": 37, "FAIL": 0, "BLOCKED": 0, "OUT_OF_SCOPE": 0, "NOT_RUN": 0}
S08-A PASS {"PASS": 44, "FAIL": 0, "BLOCKED": 0, "OUT_OF_SCOPE": 0, "NOT_RUN": 0}
S08-B PASS {"PASS": 53, "FAIL": 0, "BLOCKED": 0, "OUT_OF_SCOPE": 0, "NOT_RUN": 0}
S09-A PASS {"PASS": 52, "FAIL": 0, "BLOCKED": 0, "OUT_OF_SCOPE": 0, "NOT_RUN": 0}
S09-B PASS {"PASS": 55, "FAIL": 0, "BLOCKED": 0, "OUT_OF_SCOPE": 0, "NOT_RUN": 0}
S10-A PASS {"PASS": 56, "FAIL": 0, "BLOCKED": 0, "OUT_OF_SCOPE": 0, "NOT_RUN": 0}
S10-B PASS {"PASS": 56, "FAIL": 0, "BLOCKED": 0, "OUT_OF_SCOPE": 0, "NOT_RUN": 0}
S11-A PASS {"PASS": 53, "FAIL": 0, "BLOCKED": 0, "OUT_OF_SCOPE": 0, "NOT_RUN": 0}
S11-B PASS {"PASS": 53, "FAIL": 0, "BLOCKED": 0, "OUT_OF_SCOPE": 0, "NOT_RUN": 0}
S11-C PASS {"PASS": 53, "FAIL": 0, "BLOCKED": 0, "OUT_OF_SCOPE": 0, "NOT_RUN": 0}
S12-A PASS {"PASS": 54, "FAIL": 0, "BLOCKED": 0, "OUT_OF_SCOPE": 0, "NOT_RUN": 0}
S12-B PASS {"PASS": 54, "FAIL": 0, "BLOCKED": 0, "OUT_OF_SCOPE": 0, "NOT_RUN": 0}
S12-C PASS {"PASS": 54, "FAIL": 0, "BLOCKED": 0, "OUT_OF_SCOPE": 0, "NOT_RUN": 0}
S13-A PASS {"PASS": 55, "FAIL": 0, "BLOCKED": 0, "OUT_OF_SCOPE": 0, "NOT_RUN": 0}
S13-B PASS {"PASS": 55, "FAIL": 0, "BLOCKED": 0, "OUT_OF_SCOPE": 0, "NOT_RUN": 0}
S13-C PASS {"PASS": 55, "FAIL": 0, "BLOCKED": 0, "OUT_OF_SCOPE": 0, "NOT_RUN": 0}
S14-A PASS {"PASS": 50, "FAIL": 0, "BLOCKED": 0, "OUT_OF_SCOPE": 0, "NOT_RUN": 0}
S15-A PASS {"PASS": 52, "FAIL": 0, "BLOCKED": 0, "OUT_OF_SCOPE": 0, "NOT_RUN": 0}
S16-A PASS {"PASS": 54, "FAIL": 0, "BLOCKED": 0, "OUT_OF_SCOPE": 0, "NOT_RUN": 0}
S16-B PASS {"PASS": 54, "FAIL": 0, "BLOCKED": 0, "OUT_OF_SCOPE": 0, "NOT_RUN": 0}
S16-C PASS {"PASS": 54, "FAIL": 0, "BLOCKED": 0, "OUT_OF_SCOPE": 0, "NOT_RUN": 0}
S17-A PASS {"PASS": 54, "FAIL": 0, "BLOCKED": 0, "OUT_OF_SCOPE": 0, "NOT_RUN": 0}
S18-A PARTIAL_SCOPE {"PASS": 55, "FAIL": 0, "BLOCKED": 0, "OUT_OF_SCOPE": 1, "NOT_RUN": 0}
S19-A PASS {"PASS": 53, "FAIL": 0, "BLOCKED": 0, "OUT_OF_SCOPE": 0, "NOT_RUN": 0}
S20-A PASS {"PASS": 54, "FAIL": 0, "BLOCKED": 0, "OUT_OF_SCOPE": 0, "NOT_RUN": 0}
S20-B PASS {"PASS": 56, "FAIL": 0, "BLOCKED": 0, "OUT_OF_SCOPE": 0, "NOT_RUN": 0}
S21-A PASS {"PASS": 57, "FAIL": 0, "BLOCKED": 0, "OUT_OF_SCOPE": 0, "NOT_RUN": 0}
S22-A PASS {"PASS": 52, "FAIL": 0, "BLOCKED": 0, "OUT_OF_SCOPE": 0, "NOT_RUN": 0}
S22-B PASS {"PASS": 52, "FAIL": 0, "BLOCKED": 0, "OUT_OF_SCOPE": 0, "NOT_RUN": 0}
S23-A PASS {"PASS": 52, "FAIL": 0, "BLOCKED": 0, "OUT_OF_SCOPE": 0, "NOT_RUN": 0}
S23-B PASS {"PASS": 53, "FAIL": 0, "BLOCKED": 0, "OUT_OF_SCOPE": 0, "NOT_RUN": 0}
S23-C PASS {"PASS": 52, "FAIL": 0, "BLOCKED": 0, "OUT_OF_SCOPE": 0, "NOT_RUN": 0}
S23-D PASS {"PASS": 43, "FAIL": 0, "BLOCKED": 0, "OUT_OF_SCOPE": 0, "NOT_RUN": 0}
S24-A PASS {"PASS": 43, "FAIL": 0, "BLOCKED": 0, "OUT_OF_SCOPE": 0, "NOT_RUN": 0}
S24-B PASS {"PASS": 43, "FAIL": 0, "BLOCKED": 0, "OUT_OF_SCOPE": 0, "NOT_RUN": 0}
S25-A PASS {"PASS": 8, "FAIL": 0, "BLOCKED": 0, "OUT_OF_SCOPE": 0, "NOT_RUN": 0}
S25-B PASS {"PASS": 8, "FAIL": 0, "BLOCKED": 0, "OUT_OF_SCOPE": 0, "NOT_RUN": 0}
{"cards": 25, "states": 48, "scenario_http_requests": 92, "health_http_requests": 1, "total_http_requests": 93, "scheduler_fixture_calls": 2, "assertions": 2354, "verdicts": {"PASS": 2353, "FAIL": 0, "BLOCKED": 0, "OUT_OF_SCOPE": 1, "NOT_RUN": 0}, "state_verdicts": {"PASS": 47, "PARTIAL_SCOPE": 1}, "document_assertions": 124, "document_verdicts": {"PASS": 121, "FAIL": 0, "BLOCKED": 0, "OUT_OF_SCOPE": 3, "NOT_RUN": 0}, "card_verdicts": {"PASS": 24, "OUT_OF_SCOPE": 1}, "cross_state_assertions": 6, "cross_state_verdicts": {"PASS": 6}, "historical_parity_verdicts": {"PASS": 338}, "historical_evidence_unchanged": "PASS", "supplemental_html_requests": 0}
